// Jest Snapshot v1, https://goo.gl/fbAQLP

exports[`NotFoundPage snapshot matches the rendered markup 1`] = `
<DocumentFragment>
  <div
    class="MuiContainer-root MuiContainer-maxWidthMd css-r1bfsn-MuiContainer-root"
  >
    <h2
      class="MuiTypography-root MuiTypography-h2 MuiTypography-gutterBottom css-tu1zeg-MuiTypography-root"
    >
      404
    </h2>
    <h5
      class="MuiTypography-root MuiTypography-h5 MuiTypography-gutterBottom css-h93ljk-MuiTypography-root"
    >
      Oops! The page you're looking for doesn't exist.
    </h5>
    <p
      class="MuiTypography-root MuiTypography-body1 MuiTypography-paragraph css-z2eky3-MuiTypography-root"
    >
      It looks like the page you're trying to access is not available or the URL is incorrect.
    </p>
    <div
      class="MuiBox-root css-h5fkc8"
    >
      <button
        class="MuiButtonBase-root MuiButton-root MuiButton-contained MuiButton-containedPrimary MuiButton-sizeLarge MuiButton-containedSizeLarge MuiButton-colorPrimary MuiButton-root MuiButton-contained MuiButton-containedPrimary MuiButton-sizeLarge MuiButton-containedSizeLarge MuiButton-colorPrimary css-jh47zj-MuiButtonBase-root-MuiButton-root"
        tabindex="0"
        type="button"
      >
        Go to Home
        <span
          class="MuiTouchRipple-root css-8je8zh-MuiTouchRipple-root"
        />
      </button>
    </div>
  </div>
</DocumentFragment>
`;
